// Jest Snapshot v1, https://goo.gl/fbAQLP

exports[`renders correctly 1`] = `
.c2.c2 {
  font-size: 1rem;
}

.c7 {
  color: #ffffff;
}

.c7.c7 {
  font-size: 1rem;
}

.c3 {
  font-size: 0.875rem;
  font-weight: 500;
  -webkit-letter-spacing: 1.25px;
  -moz-letter-spacing: 1.25px;
  -ms-letter-spacing: 1.25px;
  letter-spacing: 1.25px;
  text-transform: uppercase;
}

.c8 {
  color: #ffffff;
  font-size: 0.875rem;
  font-weight: 500;
  -webkit-letter-spacing: 1.25px;
  -moz-letter-spacing: 1.25px;
  -ms-letter-spacing: 1.25px;
  letter-spacing: 1.25px;
  text-transform: uppercase;
}

.c1 {
  -webkit-align-items: center;
  -webkit-box-align: center;
  -ms-flex-align: center;
  align-items: center;
  background-color: transparent;
  border: 0;
  border-radius: 0.25em;
  cursor: pointer;
  display: -webkit-inline-box;
  display: -webkit-inline-flex;
  display: -ms-inline-flexbox;
  display: inline-flex;
  -webkit-box-pack: center;
  -webkit-justify-content: center;
  -ms-flex-pack: center;
  justify-content: center;
  outline: none;
  padding: 0.5em 1.5em;
  position: relative;
  -webkit-text-decoration: none;
  text-decoration: none;
}

.c1:hover {
  background-color: #fdfdfd;
}

.c1:focus {
  background-color: #fbfbfb;
}

.c1:disabled {
  background-color: #f8f8f8;
  cursor: auto;
}

.c1:disabled * {
  color: #e9e9e9;
}

.c5 {
  -webkit-align-items: center;
  -webkit-box-align: center;
  -ms-flex-align: center;
  align-items: center;
  background-color: transparent;
  border: 0;
  border-radius: 0.25em;
  cursor: pointer;
  display: -webkit-inline-box;
  display: -webkit-inline-flex;
  display: -ms-inline-flexbox;
  display: inline-flex;
  -webkit-box-pack: center;
  -webkit-justify-content: center;
  -ms-flex-pack: center;
  justify-content: center;
  outline: none;
  padding: 0.5em 1.5em;
  position: relative;
  -webkit-text-decoration: none;
  text-decoration: none;
  margin-left: 24px;
}

.c5:hover {
  background-color: #fdfdfd;
}

.c5:focus {
  background-color: #fbfbfb;
}

.c5:disabled {
  background-color: #f8f8f8;
  cursor: auto;
}

.c5:disabled * {
  color: #e9e9e9;
}

.c6 {
  -webkit-align-items: center;
  -webkit-box-align: center;
  -ms-flex-align: center;
  align-items: center;
  background-color: transparent;
  border: 0;
  border-radius: 0.25em;
  cursor: pointer;
  display: -webkit-inline-box;
  display: -webkit-inline-flex;
  display: -ms-inline-flexbox;
  display: inline-flex;
  -webkit-box-pack: center;
  -webkit-justify-content: center;
  -ms-flex-pack: center;
  justify-content: center;
  outline: none;
  padding: 0.5em 1.5em;
  position: relative;
  -webkit-text-decoration: none;
  text-decoration: none;
  background-color: #4caf50;
  min-width: 8rem;
  margin-left: 24px;
}

.c6:hover {
  background-color: #fdfdfd;
}

.c6:focus {
  background-color: #fbfbfb;
}

.c6:disabled {
  background-color: #f8f8f8;
  cursor: auto;
}

.c6:disabled * {
  color: #e9e9e9;
}

.c6:hover {
  background-color: #67bb6a;
}

.c6:focus {
  background-color: #3c9f40;
}

.c6:disabled {
  background-color: #f8f8f8;
  cursor: auto;
}

.c6:disabled * {
  color: #e9e9e9;
}

.c4 {
  -webkit-flex: 1;
  -ms-flex: 1;
  flex: 1;
}

.c0 {
  display: -webkit-box;
  display: -webkit-flex;
  display: -ms-flexbox;
  display: flex;
}

@media print {
  .c3 {
    color: #000000;
  }
}

@media print {
  .c8 {
    color: #000000;
  }
}

@media print {
  .c1 {
    display: none;
  }
}

@media print {
  .c5 {
    display: none;
  }
}

@media print {
  .c6 {
    display: none;
  }
}

<div
  className="c0"
>
  <button
    className="c1"
    content={
      Object {
        "defaultMessage": "RESET",
        "id": "packages.dev-client.src.apps.activity.forms.Controls.reset",
      }
    }
    disabled={false}
    onClick={[Function]}
  >
    <i
      className="uiButton-Icon icon icon-name uiButton-Icon c2"
      hidden={true}
      name="name"
    />
    <span
      className="uiButton-Content c3"
      hidden={false}
    >
      RESET
    </span>
  </button>
  <div
    className="c4"
  />
  <button
    className="c5"
    content={
      Object {
        "defaultMessage": "SAVE",
        "id": "packages.dev-client.src.apps.activity.forms.Controls.save",
      }
    }
    disabled={false}
    onClick={[Function]}
  >
    <i
      className="uiButton-Icon icon icon-name uiButton-Icon c2"
      hidden={true}
      name="name"
    />
    <span
      className="uiButton-Content c3"
      hidden={false}
    >
      SAVE
    </span>
  </button>
  <button
    className="c6"
    content={
      Object {
        "defaultMessage": "SUBMIT",
        "id": "packages.dev-client.src.apps.activity.forms.Controls.submit",
      }
    }
    disabled={false}
    onClick={[Function]}
  >
    <i
      className="uiButton-Icon icon icon-name uiButton-Icon c7"
      hidden={true}
      name="name"
    />
    <span
      className="uiButton-Content c8"
      hidden={false}
    >
      SUBMIT
    </span>
  </button>
</div>
`;
