// Jest Snapshot v1, https://goo.gl/fbAQLP

exports[`renders correctly 1`] = `
.c1.c1 {
  font-size: 1rem;
}

.c0 {
  display: inline-block;
  line-height: 0;
  position: relative;
}

.c2 {
  bottom: 0;
  cursor: pointer;
  height: 100%;
  left: 0;
  opacity: 0;
  position: absolute;
  right: 0;
  top: 0;
  width: 100%;
}

<div
  className="c0"
>
  <i
    className="material-icons sc-gzVnrw ibZhkv c1"
    name="check_box_outline_blank"
  >
    check_box_outline_blank
  </i>
  <input
    checked={false}
    className="c2"
    onChange={[Function]}
    type="checkbox"
  />
</div>
`;
