// Jest Snapshot v1, https://goo.gl/fbAQLP

exports[`renders correctly 1`] = `
<div
  className="Box__UIBox-j97zbg-0 ldjLGq"
/>
`;
