// Jest Snapshot v1, https://goo.gl/fbAQLP

exports[`renders correctly 1`] = `
<div
  className="Card__UICard-sc-12z216h-0 fCrYUk"
/>
`;
