// Jest Snapshot v1, https://goo.gl/fbAQLP

exports[`renders correctly 1`] = `
.c5 {
  width: 100%;
  background-color: hsl(0,0%,98%);
  border: 1px solid #03a9f4;
  border-radius: 4px;
  padding: 9px;
  width: 100%;
}

.c5:focus {
  background-color: white;
  border-color: #2684ff;
  outline: none;
  box-shadow: 0 0 0 1px #2684ff;
}

.c13 {
  width: 100%;
  background-color: hsl(0,0%,98%);
  border: 1px solid #03a9f4;
  border-radius: 4px;
  padding: 9px;
  width: 100%;
  height: 100px;
  resize: none;
}

.c13:focus {
  background-color: white;
  border-color: #2684ff;
  outline: none;
  box-shadow: 0 0 0 1px #2684ff;
}

.c8.c8 {
  font-size: 1rem;
}

.c19 {
  color: #000000;
}

.c19.c19 {
  font-size: 1rem;
}

.c11 {
  -webkit-animation-name: bvvTNa;
  animation-name: bvvTNa;
  fill: transparent;
  stroke: #000000;
  stroke-dasharray: 251.32741228718345px;
  stroke-width: 20%;
  -webkit-transition: stroke-dashoffset 225ms linear;
  transition: stroke-dashoffset 225ms linear;
  -webkit-transform-box: view-box;
  -ms-transform-box: view-box;
  transform-box: view-box;
  -webkit-transform-origin: center;
  -ms-transform-origin: center;
  transform-origin: center;
  -webkit-animation-duration: 4s;
  animation-duration: 4s;
  -webkit-animation-iteration-count: infinite;
  animation-iteration-count: infinite;
  -webkit-animation-timing-function: cubic-bezier(0.35,0,0.25,1);
  animation-timing-function: cubic-bezier(0.35,0,0.25,1);
  -webkit-transition-property: stroke;
  transition-property: stroke;
}

.c9 {
  height: 32px;
  position: relative;
  width: 32px;
  -webkit-animation: eXzyYY 2s linear infinite;
  animation: eXzyYY 2s linear infinite;
}

.c10 {
  height: 100%;
  left: 0;
  top: 0;
  overflow: visible;
  position: absolute;
  -webkit-transform: rotate(-90deg);
  -ms-transform: rotate(-90deg);
  transform: rotate(-90deg);
  -webkit-transform-origin: center;
  -ms-transform-origin: center;
  transform-origin: center;
  width: 100%;
}

.c1 {
  font-size: 0.875rem;
  font-weight: 400;
  -webkit-letter-spacing: 0.25px;
  -moz-letter-spacing: 0.25px;
  -ms-letter-spacing: 0.25px;
  letter-spacing: 0.25px;
  margin: 0;
  padding: 0;
}

.c12 {
  font-size: 0.875rem;
  font-weight: 500;
  -webkit-letter-spacing: 1.25px;
  -moz-letter-spacing: 1.25px;
  -ms-letter-spacing: 1.25px;
  letter-spacing: 1.25px;
  text-transform: uppercase;
  margin: 0;
  padding: 0;
}

.c20 {
  color: #000000;
  font-size: 0.875rem;
  font-weight: 500;
  -webkit-letter-spacing: 1.25px;
  -moz-letter-spacing: 1.25px;
  -ms-letter-spacing: 1.25px;
  letter-spacing: 1.25px;
  text-transform: uppercase;
  margin: 0;
  padding: 0;
}

.c7 {
  -webkit-align-self: center;
  -ms-flex-item-align: center;
  align-self: center;
  background-color: transparent;
  border: 0;
  border-radius: 0.25em;
  cursor: pointer;
  display: -webkit-box;
  display: -webkit-flex;
  display: -ms-flexbox;
  display: flex;
  -webkit-box-pack: center;
  -webkit-justify-content: center;
  -ms-flex-pack: center;
  justify-content: center;
  outline: none;
  padding: 0.5em 1.5em;
  position: relative;
  -webkit-text-decoration: none;
  text-decoration: none;
}

.c7:hover {
  background-color: #f7f7f7;
}

.c7:focus {
  background-color: #ebebeb;
}

.c7:disabled {
  background-color: #dedede;
  cursor: auto;
}

.c7:disabled * {
  color: #a6a6a6;
}

.c17 {
  -webkit-align-self: center;
  -ms-flex-item-align: center;
  align-self: center;
  background-color: transparent;
  border: 0;
  border-radius: 0.25em;
  cursor: pointer;
  display: -webkit-box;
  display: -webkit-flex;
  display: -ms-flexbox;
  display: flex;
  -webkit-box-pack: center;
  -webkit-justify-content: center;
  -ms-flex-pack: center;
  justify-content: center;
  outline: none;
  padding: 0.5em 1.5em;
  position: relative;
  -webkit-text-decoration: none;
  text-decoration: none;
  margin-left: 24px;
}

.c17:hover {
  background-color: #f7f7f7;
}

.c17:focus {
  background-color: #ebebeb;
}

.c17:disabled {
  background-color: #dedede;
  cursor: auto;
}

.c17:disabled * {
  color: #a6a6a6;
}

.c18 {
  -webkit-align-self: center;
  -ms-flex-item-align: center;
  align-self: center;
  background-color: transparent;
  border: 0;
  border-radius: 0.25em;
  cursor: pointer;
  display: -webkit-box;
  display: -webkit-flex;
  display: -ms-flexbox;
  display: flex;
  -webkit-box-pack: center;
  -webkit-justify-content: center;
  -ms-flex-pack: center;
  justify-content: center;
  outline: none;
  padding: 0.5em 1.5em;
  position: relative;
  -webkit-text-decoration: none;
  text-decoration: none;
  background-color: #4caf50;
  margin-left: 24px;
}

.c18:hover {
  background-color: #f7f7f7;
}

.c18:focus {
  background-color: #ebebeb;
}

.c18:disabled {
  background-color: #dedede;
  cursor: auto;
}

.c18:disabled * {
  color: #a6a6a6;
}

.c18:hover {
  background-color: #67bb6a;
}

.c18:focus {
  background-color: #3c9f40;
}

.c18:disabled {
  background-color: #dedede;
  cursor: auto;
}

.c18:disabled * {
  color: #a6a6a6;
}

.c2 {
  font-size: 0.875rem;
  font-weight: 400;
  -webkit-letter-spacing: 0.25px;
  -moz-letter-spacing: 0.25px;
  -ms-letter-spacing: 0.25px;
  letter-spacing: 0.25px;
  margin: 0;
  padding: 0;
}

.c0 {
  margin-top: 24px;
}

.c14 {
  margin-top: 48px;
}

.c6 {
  display: inline-block;
  position: relative;
}

.c16 {
  -webkit-flex: 1;
  -ms-flex: 1;
  flex: 1;
}

.c4 {
  display: block;
  width: 100%;
  background-color: hsl(0,0%,98%);
  border: 1px solid #03a9f4;
  border-radius: 4px;
  padding: 9px;
  width: 100%;
}

.c4:focus {
  background-color: white;
  border-color: #2684ff;
  outline: none;
  box-shadow: 0 0 0 1px #2684ff;
}

.c3 .react-datepicker-wrapper {
  display: block;
}

.c3 .react-datepicker__input-container {
  display: block;
}

.c15 {
  display: -webkit-box;
  display: -webkit-flex;
  display: -ms-flexbox;
  display: flex;
}

@media print {
  .c1 {
    color: #000000;
  }
}

@media print {
  .c12 {
    color: #000000;
  }
}

@media print {
  .c20 {
    color: #000000;
  }
}

@media print {
  .c7 {
    display: none;
  }
}

@media print {
  .c17 {
    display: none;
  }
}

@media print {
  .c18 {
    display: none;
  }
}

<div>
  <div
    className=""
  />
  <div
    className=""
  />
  <div
    className="c0"
  >
    <label
      className="c1 c2"
      value={
        Object {
          "defaultMessage": "Observation Date",
          "id": "packages.dev-client.src.apps.observation.forms.Observation.date_activity",
        }
      }
    >
      Observation Date
    </label>
    <div
      className="c3"
    >
      <div
        className="react-datepicker-wrapper"
      >
        <div
          className="react-datepicker__input-container"
        >
          <input
            className="c4"
            disabled={false}
            onBlur={[Function]}
            onChange={[Function]}
            onClick={[Function]}
            onFocus={[Function]}
            onKeyDown={[Function]}
            readOnly={false}
            type="text"
            value=""
          />
        </div>
      </div>
    </div>
  </div>
  <div
    className="c0"
  >
    <label
      className="c1 c2"
      value={
        Object {
          "defaultMessage": "Title",
          "id": "packages.dev-client.src.apps.observation.forms.Observation.title",
        }
      }
    >
      Title
    </label>
    <input
      className="c5"
      errors={Immutable.List []}
      intl={
        Object {
          "defaultFormats": Object {},
          "defaultLocale": "en",
          "formatDate": [Function],
          "formatHTMLMessage": [Function],
          "formatMessage": [Function],
          "formatNumber": [Function],
          "formatPlural": [Function],
          "formatRelative": [Function],
          "formatTime": [Function],
          "formats": Object {},
          "formatters": Object {
            "getDateTimeFormat": [Function],
            "getMessageFormat": [Function],
            "getNumberFormat": [Function],
            "getPluralFormat": [Function],
            "getRelativeFormat": [Function],
          },
          "locale": "en",
          "messages": Object {},
          "now": [Function],
          "onError": [Function],
          "textComponent": "span",
          "timeZone": null,
        }
      }
      name="title"
      namespace="component_widgetInput"
      onChange={[Function]}
      onSubmit={[Function]}
      value=""
      variant="standard"
    />
  </div>
  <div>
    <div
      className="c6"
    >
      <button
        className="c7"
        onClick={[Function]}
      >
        <i
          className="uiButton-Icon icon icon-name uiButton-Icon c8"
          hidden={true}
          name="name"
        />
        <span
          className="c9"
          hidden={true}
          size="32px"
          value={null}
        >
          <svg
            className="c10"
            focusable="false"
            preserveAspectRatio="xMidYMid meet"
            viewBox="0 0 100 100"
          >
            <circle
              className="c11"
              cx="50%"
              cy="50%"
              r="40"
              value={null}
            />
          </svg>
        </span>
        <span
          className="uiButton-Content c12"
        >
          Test
        </span>
      </button>
    </div>
  </div>
  <div
    className="c0"
  >
    <label
      className="c1 c2"
      value={
        Object {
          "defaultMessage": "Short Title",
          "id": "packages.dev-client.src.apps.observation.forms.Observation.title_short",
        }
      }
    >
      Short Title
    </label>
    <input
      className="c5"
      errors={Immutable.List []}
      intl={
        Object {
          "defaultFormats": Object {},
          "defaultLocale": "en",
          "formatDate": [Function],
          "formatHTMLMessage": [Function],
          "formatMessage": [Function],
          "formatNumber": [Function],
          "formatPlural": [Function],
          "formatRelative": [Function],
          "formatTime": [Function],
          "formats": Object {},
          "formatters": Object {
            "getDateTimeFormat": [Function],
            "getMessageFormat": [Function],
            "getNumberFormat": [Function],
            "getPluralFormat": [Function],
            "getRelativeFormat": [Function],
          },
          "locale": "en",
          "messages": Object {},
          "now": [Function],
          "onError": [Function],
          "textComponent": "span",
          "timeZone": null,
        }
      }
      name="title_short"
      namespace="component_widgetInput"
      onChange={[Function]}
      onSubmit={[Function]}
      value=""
      variant="standard"
    />
  </div>
  <div
    className="c0"
  >
    <label
      className="c1 c2"
      value={
        Object {
          "defaultMessage": "Description",
          "id": "packages.dev-client.src.apps.observation.forms.Observation.description",
        }
      }
    >
      Description
    </label>
    <textarea
      className="c13"
      errors={Immutable.List []}
      name="description"
      namespace="component_widgetTextarea"
      onChange={[Function]}
      onSubmit={[Function]}
      value=""
      variant="standard"
    />
  </div>
  <div
    className="c0"
  >
    <label
      className="c1 c2"
      value={
        Object {
          "defaultMessage": "Due Date",
          "id": "packages.dev-client.src.apps.observation.forms.Observation.date_due",
        }
      }
    >
      Due Date
    </label>
    <div
      className="c3"
    >
      <div
        className="react-datepicker-wrapper"
      >
        <div
          className="react-datepicker__input-container"
        >
          <input
            className="c4"
            disabled={false}
            onBlur={[Function]}
            onChange={[Function]}
            onClick={[Function]}
            onFocus={[Function]}
            onKeyDown={[Function]}
            readOnly={false}
            type="text"
            value=""
          />
        </div>
      </div>
    </div>
  </div>
  <div
    className="c0"
  >
    <label
      className="c1 c2"
      value={
        Object {
          "defaultMessage": "Follow up actions",
          "id": "packages.dev-client.src.apps.observation.forms.Observation.follow_up_actions",
        }
      }
    >
      Follow up actions
    </label>
  </div>
  <button
    className="c7"
    content={
      Object {
        "defaultMessage": "Add action",
        "id": "packages.dev-client.src.apps.observation.forms.Observation.follow_up_actions_add",
      }
    }
    disabled={false}
    onClick={[Function]}
  >
    <i
      className="uiButton-Icon icon icon-name uiButton-Icon c8"
      hidden={true}
      name="name"
    />
    <span
      className="c9"
      hidden={true}
      size="32px"
      value={null}
    >
      <svg
        className="c10"
        focusable="false"
        preserveAspectRatio="xMidYMid meet"
        viewBox="0 0 100 100"
      >
        <circle
          className="c11"
          cx="50%"
          cy="50%"
          r="40"
          value={null}
        />
      </svg>
    </span>
    <span
      className="uiButton-Content c12"
      hidden={false}
      value={
        Object {
          "defaultMessage": "Add action",
          "id": "packages.dev-client.src.apps.observation.forms.Observation.follow_up_actions_add",
        }
      }
    >
      Add action
    </span>
  </button>
  <div
    className="c14"
  >
    <div
      className="c15"
    >
      <button
        className="c7"
        content={
          Object {
            "defaultMessage": "RESET",
            "id": "packages.dev-client.src.apps.activity.forms.Controls.reset",
          }
        }
        disabled={false}
        onClick={[Function]}
      >
        <i
          className="uiButton-Icon icon icon-name uiButton-Icon c8"
          hidden={true}
          name="name"
        />
        <span
          className="c9"
          hidden={true}
          size="32px"
          value={null}
        >
          <svg
            className="c10"
            focusable="false"
            preserveAspectRatio="xMidYMid meet"
            viewBox="0 0 100 100"
          >
            <circle
              className="c11"
              cx="50%"
              cy="50%"
              r="40"
              value={null}
            />
          </svg>
        </span>
        <span
          className="uiButton-Content c12"
          hidden={false}
          value={
            Object {
              "defaultMessage": "RESET",
              "id": "packages.dev-client.src.apps.activity.forms.Controls.reset",
            }
          }
        >
          RESET
        </span>
      </button>
      <div
        className="c16"
      />
      <button
        className="c17"
        content={
          Object {
            "defaultMessage": "SAVE",
            "id": "packages.dev-client.src.apps.activity.forms.Controls.save",
          }
        }
        disabled={false}
        onClick={[Function]}
      >
        <i
          className="uiButton-Icon icon icon-name uiButton-Icon c8"
          hidden={true}
          name="name"
        />
        <span
          className="c9"
          hidden={true}
          size="32px"
          value={null}
        >
          <svg
            className="c10"
            focusable="false"
            preserveAspectRatio="xMidYMid meet"
            viewBox="0 0 100 100"
          >
            <circle
              className="c11"
              cx="50%"
              cy="50%"
              r="40"
              value={null}
            />
          </svg>
        </span>
        <span
          className="uiButton-Content c12"
          hidden={false}
          value={
            Object {
              "defaultMessage": "SAVE",
              "id": "packages.dev-client.src.apps.activity.forms.Controls.save",
            }
          }
        >
          SAVE
        </span>
      </button>
      <button
        className="c18"
        content={
          Object {
            "defaultMessage": "SUBMIT",
            "id": "packages.dev-client.src.apps.activity.forms.Controls.submit",
          }
        }
        disabled={false}
        onClick={[Function]}
      >
        <i
          className="uiButton-Icon icon icon-name uiButton-Icon c19"
          hidden={true}
          name="name"
        />
        <span
          className="c9"
          hidden={true}
          size="32px"
          value={null}
        >
          <svg
            className="c10"
            focusable="false"
            preserveAspectRatio="xMidYMid meet"
            viewBox="0 0 100 100"
          >
            <circle
              className="c11"
              cx="50%"
              cy="50%"
              r="40"
              value={null}
            />
          </svg>
        </span>
        <span
          className="uiButton-Content c20"
          hidden={false}
          value={
            Object {
              "defaultMessage": "SUBMIT",
              "id": "packages.dev-client.src.apps.activity.forms.Controls.submit",
            }
          }
        >
          SUBMIT
        </span>
      </button>
    </div>
  </div>
</div>
`;
