// Jest Snapshot v1, https://goo.gl/fbAQLP

exports[`renders correctly 1`] = `
<img
  alt="image"
  className="Image__UIImage-btn0hr-0 izVBqL"
  name="image"
  src="path"
/>
`;
