// Jest Snapshot v1, https://goo.gl/fbAQLP

exports[`renders correctly 1`] = `
<div>
  <div
    className="styles__Header-sc-14sqd7a-1 ljZgKF"
  >
    <pre
      className="TypeSet-sc-4js5ye-0 hvRjOD"
    >
      Action
    </pre>
  </div>
  <div
    className="styles__UILabelRoot-sc-18byogl-0 sc-ifAKCX kdHIzy"
  >
    <label
      className="TypeSet-sc-4js5ye-0 lcmCNw styles__Label-sc-18byogl-1 eYgmss"
    >
      Person Responsible
    </label>
    <div
      className="css-10nd86i Select-rumkkw-0 bfkbON"
      onKeyDown={[Function]}
    >
      <div
        className="css-vj8t7z"
        onMouseDown={[Function]}
        onTouchEnd={[Function]}
      >
        <div
          className="css-1hwfws3"
        >
          <div
            className="css-1492t68"
          >
            Select...
          </div>
          <div
            className="css-1g6gooi"
          >
            <div
              className=""
              style={
                Object {
                  "display": "inline-block",
                }
              }
            >
              <input
                aria-autocomplete="list"
                autoCapitalize="none"
                autoComplete="off"
                autoCorrect="off"
                disabled={false}
                id="react-select-2-input"
                onBlur={[Function]}
                onChange={[Function]}
                onFocus={[Function]}
                spellCheck="false"
                style={
                  Object {
                    "background": 0,
                    "border": 0,
                    "boxSizing": "content-box",
                    "color": "inherit",
                    "fontSize": "inherit",
                    "opacity": 1,
                    "outline": 0,
                    "padding": 0,
                    "width": "1px",
                  }
                }
                tabIndex="0"
                type="text"
                value=""
              />
              <div
                style={
                  Object {
                    "height": 0,
                    "left": 0,
                    "overflow": "scroll",
                    "position": "absolute",
                    "top": 0,
                    "visibility": "hidden",
                    "whiteSpace": "pre",
                  }
                }
              >
                
              </div>
            </div>
          </div>
        </div>
        <div
          className="css-1wy0on6"
        >
          <span
            className="css-d8oujb"
          />
          <div
            aria-hidden="true"
            className="css-1ep9fjw"
            onMouseDown={[Function]}
            onTouchEnd={[Function]}
          >
            <svg
              aria-hidden="true"
              className="css-19bqh2r"
              focusable="false"
              height={20}
              viewBox="0 0 20 20"
              width={20}
            >
              <path
                d="M4.516 7.548c0.436-0.446 1.043-0.481 1.576 0l3.908 3.747 3.908-3.747c0.533-0.481 1.141-0.446 1.574 0 0.436 0.445 0.408 1.197 0 1.615-0.406 0.418-4.695 4.502-4.695 4.502-0.217 0.223-0.502 0.335-0.787 0.335s-0.57-0.112-0.789-0.335c0 0-4.287-4.084-4.695-4.502s-0.436-1.17 0-1.615z"
              />
            </svg>
          </div>
        </div>
      </div>
      <input
        name="person_responsible"
        type="hidden"
        value=""
      />
    </div>
  </div>
  <div
    className="styles__UILabelRoot-sc-18byogl-0 sc-ifAKCX kdHIzy"
  >
    <label
      className="TypeSet-sc-4js5ye-0 lcmCNw styles__Label-sc-18byogl-1 eYgmss"
    >
      Due Date
    </label>
    <div
      className="styles__Wrapper-sc-11ku8fc-0 sc-gzVnrw kVNhwm"
    >
      <div
        className="react-datepicker-wrapper"
      >
        <div
          className="react-datepicker__input-container"
        >
          <input
            className="styles__DatePicker-sc-11ku8fc-1 hTbYlq"
            disabled={false}
            onBlur={[Function]}
            onChange={[Function]}
            onClick={[Function]}
            onFocus={[Function]}
            onKeyDown={[Function]}
            readOnly={false}
            type="text"
            value=""
          />
        </div>
      </div>
    </div>
  </div>
  <div
    className="styles__UILabelRoot-sc-18byogl-0 sc-ifAKCX kdHIzy"
  >
    <label
      className="TypeSet-sc-4js5ye-0 lcmCNw styles__Label-sc-18byogl-1 eYgmss"
    >
      Completed by
    </label>
    <div
      className="css-10nd86i Select-rumkkw-0 bfkbON"
      onKeyDown={[Function]}
    >
      <div
        className="css-vj8t7z"
        onMouseDown={[Function]}
        onTouchEnd={[Function]}
      >
        <div
          className="css-1hwfws3"
        >
          <div
            className="css-1492t68"
          >
            Select...
          </div>
          <div
            className="css-1g6gooi"
          >
            <div
              className=""
              style={
                Object {
                  "display": "inline-block",
                }
              }
            >
              <input
                aria-autocomplete="list"
                autoCapitalize="none"
                autoComplete="off"
                autoCorrect="off"
                disabled={false}
                id="react-select-3-input"
                onBlur={[Function]}
                onChange={[Function]}
                onFocus={[Function]}
                spellCheck="false"
                style={
                  Object {
                    "background": 0,
                    "border": 0,
                    "boxSizing": "content-box",
                    "color": "inherit",
                    "fontSize": "inherit",
                    "opacity": 1,
                    "outline": 0,
                    "padding": 0,
                    "width": "1px",
                  }
                }
                tabIndex="0"
                type="text"
                value=""
              />
              <div
                style={
                  Object {
                    "height": 0,
                    "left": 0,
                    "overflow": "scroll",
                    "position": "absolute",
                    "top": 0,
                    "visibility": "hidden",
                    "whiteSpace": "pre",
                  }
                }
              >
                
              </div>
            </div>
          </div>
        </div>
        <div
          className="css-1wy0on6"
        >
          <span
            className="css-d8oujb"
          />
          <div
            aria-hidden="true"
            className="css-1ep9fjw"
            onMouseDown={[Function]}
            onTouchEnd={[Function]}
          >
            <svg
              aria-hidden="true"
              className="css-19bqh2r"
              focusable="false"
              height={20}
              viewBox="0 0 20 20"
              width={20}
            >
              <path
                d="M4.516 7.548c0.436-0.446 1.043-0.481 1.576 0l3.908 3.747 3.908-3.747c0.533-0.481 1.141-0.446 1.574 0 0.436 0.445 0.408 1.197 0 1.615-0.406 0.418-4.695 4.502-4.695 4.502-0.217 0.223-0.502 0.335-0.787 0.335s-0.57-0.112-0.789-0.335c0 0-4.287-4.084-4.695-4.502s-0.436-1.17 0-1.615z"
              />
            </svg>
          </div>
        </div>
      </div>
      <input
        name="completed_by"
        type="hidden"
        value=""
      />
    </div>
  </div>
  <div
    className="styles__UILabelRoot-sc-18byogl-0 sc-ifAKCX kdHIzy"
  >
    <label
      className="TypeSet-sc-4js5ye-0 lcmCNw styles__Label-sc-18byogl-1 eYgmss"
    >
      Completed Date
    </label>
    <div
      className="styles__Wrapper-sc-11ku8fc-0 sc-gzVnrw kVNhwm"
    >
      <div
        className="react-datepicker-wrapper"
      >
        <div
          className="react-datepicker__input-container"
        >
          <input
            className="styles__DatePicker-sc-11ku8fc-1 hTbYlq"
            disabled={false}
            onBlur={[Function]}
            onChange={[Function]}
            onClick={[Function]}
            onFocus={[Function]}
            onKeyDown={[Function]}
            readOnly={false}
            type="text"
            value=""
          />
        </div>
      </div>
    </div>
  </div>
  <div
    className="styles__Controls-sc-14sqd7a-0 djUtoL"
  >
    
    
    <button
      className="styles__Button-s8wl3z-0 jUaIjh"
      onClick={[Function]}
      to=""
    >
      UPDATE
    </button>
    
    
    <button
      className="styles__Button-s8wl3z-0 jUaIjh"
      onClick={[Function]}
      to=""
    >
      COMPLETE
    </button>
  </div>
</div>
`;
