// Jest Snapshot v1, https://goo.gl/fbAQLP

exports[`renders correctly 1`] = `
<div
  className="Well__UIWell-xiuhp8-0 gqTYNb"
/>
`;
