// Jest Snapshot v1, https://goo.gl/fbAQLP

exports[`renders correctly 1`] = `
.c6 {
  width: 100%;
  background-color: hsl(0,0%,98%);
  border: 1px solid #03a9f4;
  border-radius: 4px;
  padding: 9px;
  width: 100%;
}

.c6:focus {
  background-color: white;
  border-color: #2684ff;
  outline: none;
  box-shadow: 0 0 0 1px #2684ff;
}

.c14 {
  width: 100%;
  background-color: hsl(0,0%,98%);
  border: 1px solid #03a9f4;
  border-radius: 4px;
  padding: 9px;
  width: 100%;
  height: 100px;
  resize: none;
}

.c14:focus {
  background-color: white;
  border-color: #2684ff;
  outline: none;
  box-shadow: 0 0 0 1px #2684ff;
}

.c9.c9 {
  font-size: 1rem;
}

.c20 {
  color: #ffffff;
}

.c20.c20 {
  font-size: 1rem;
}

.c12 {
  -webkit-animation-name: bvvTNa;
  animation-name: bvvTNa;
  fill: transparent;
  stroke: #4caf50;
  stroke-dasharray: 251.32741228718345px;
  stroke-width: 20%;
  -webkit-transition: stroke-dashoffset 225ms linear;
  transition: stroke-dashoffset 225ms linear;
  -webkit-transform-box: view-box;
  -ms-transform-box: view-box;
  transform-box: view-box;
  -webkit-transform-origin: center;
  -ms-transform-origin: center;
  transform-origin: center;
  -webkit-animation-duration: 4s;
  animation-duration: 4s;
  -webkit-animation-iteration-count: infinite;
  animation-iteration-count: infinite;
  -webkit-animation-timing-function: cubic-bezier(0.35,0,0.25,1);
  animation-timing-function: cubic-bezier(0.35,0,0.25,1);
  -webkit-transition-property: stroke;
  transition-property: stroke;
}

.c11 {
  height: 100%;
  left: 0;
  top: 0;
  overflow: visible;
  position: absolute;
  -webkit-transform: rotate(-90deg);
  -ms-transform: rotate(-90deg);
  transform: rotate(-90deg);
  -webkit-transform-origin: center;
  -ms-transform-origin: center;
  transform-origin: center;
  width: 100%;
}

.c10 {
  display: inline-block;
  height: 32px;
  position: relative;
  width: 32px;
}

.c2 {
  font-size: 0.875rem;
  font-weight: 400;
  -webkit-letter-spacing: 0.25px;
  -moz-letter-spacing: 0.25px;
  -ms-letter-spacing: 0.25px;
  letter-spacing: 0.25px;
}

.c13 {
  font-size: 0.875rem;
  font-weight: 500;
  -webkit-letter-spacing: 1.25px;
  -moz-letter-spacing: 1.25px;
  -ms-letter-spacing: 1.25px;
  letter-spacing: 1.25px;
  text-transform: uppercase;
}

.c21 {
  color: #ffffff;
  font-size: 0.875rem;
  font-weight: 500;
  -webkit-letter-spacing: 1.25px;
  -moz-letter-spacing: 1.25px;
  -ms-letter-spacing: 1.25px;
  letter-spacing: 1.25px;
  text-transform: uppercase;
}

.c8 {
  -webkit-align-items: center;
  -webkit-box-align: center;
  -ms-flex-align: center;
  align-items: center;
  background-color: transparent;
  border: 0;
  border-radius: 0.25em;
  cursor: pointer;
  display: -webkit-inline-box;
  display: -webkit-inline-flex;
  display: -ms-inline-flexbox;
  display: inline-flex;
  -webkit-box-pack: center;
  -webkit-justify-content: center;
  -ms-flex-pack: center;
  justify-content: center;
  outline: none;
  padding: 0.5em 1.5em;
  position: relative;
  -webkit-text-decoration: none;
  text-decoration: none;
}

.c8:hover {
  background-color: #fdfdfd;
}

.c8:focus {
  background-color: #fbfbfb;
}

.c8:disabled {
  background-color: #f8f8f8;
  cursor: auto;
}

.c8:disabled * {
  color: #e9e9e9;
}

.c18 {
  -webkit-align-items: center;
  -webkit-box-align: center;
  -ms-flex-align: center;
  align-items: center;
  background-color: transparent;
  border: 0;
  border-radius: 0.25em;
  cursor: pointer;
  display: -webkit-inline-box;
  display: -webkit-inline-flex;
  display: -ms-inline-flexbox;
  display: inline-flex;
  -webkit-box-pack: center;
  -webkit-justify-content: center;
  -ms-flex-pack: center;
  justify-content: center;
  outline: none;
  padding: 0.5em 1.5em;
  position: relative;
  -webkit-text-decoration: none;
  text-decoration: none;
  margin-left: 24px;
}

.c18:hover {
  background-color: #fdfdfd;
}

.c18:focus {
  background-color: #fbfbfb;
}

.c18:disabled {
  background-color: #f8f8f8;
  cursor: auto;
}

.c18:disabled * {
  color: #e9e9e9;
}

.c19 {
  -webkit-align-items: center;
  -webkit-box-align: center;
  -ms-flex-align: center;
  align-items: center;
  background-color: transparent;
  border: 0;
  border-radius: 0.25em;
  cursor: pointer;
  display: -webkit-inline-box;
  display: -webkit-inline-flex;
  display: -ms-inline-flexbox;
  display: inline-flex;
  -webkit-box-pack: center;
  -webkit-justify-content: center;
  -ms-flex-pack: center;
  justify-content: center;
  outline: none;
  padding: 0.5em 1.5em;
  position: relative;
  -webkit-text-decoration: none;
  text-decoration: none;
  background-color: #4caf50;
  min-width: 8rem;
  margin-left: 24px;
}

.c19:hover {
  background-color: #fdfdfd;
}

.c19:focus {
  background-color: #fbfbfb;
}

.c19:disabled {
  background-color: #f8f8f8;
  cursor: auto;
}

.c19:disabled * {
  color: #e9e9e9;
}

.c19:hover {
  background-color: #67bb6a;
}

.c19:focus {
  background-color: #3c9f40;
}

.c19:disabled {
  background-color: #f8f8f8;
  cursor: auto;
}

.c19:disabled * {
  color: #e9e9e9;
}

.c0 {
  padding: 1rem;
}

.c3 {
  font-size: 0.875rem;
  font-weight: 400;
  -webkit-letter-spacing: 0.25px;
  -moz-letter-spacing: 0.25px;
  -ms-letter-spacing: 0.25px;
  letter-spacing: 0.25px;
}

.c1 {
  margin-top: 24px;
}

.c7 {
  display: inline-block;
  position: relative;
}

.c17 {
  -webkit-flex: 1;
  -ms-flex: 1;
  flex: 1;
}

.c5 {
  display: block;
  width: 100%;
  background-color: hsl(0,0%,98%);
  border: 1px solid #03a9f4;
  border-radius: 4px;
  padding: 9px;
  width: 100%;
}

.c5:focus {
  background-color: white;
  border-color: #2684ff;
  outline: none;
  box-shadow: 0 0 0 1px #2684ff;
}

.c4 .react-datepicker-wrapper {
  display: block;
}

.c4 .react-datepicker__input-container {
  display: block;
}

.c16 {
  display: -webkit-box;
  display: -webkit-flex;
  display: -ms-flexbox;
  display: flex;
}

.c15 {
  margin-top: 48px;
}

@media print {
  .c2 {
    color: #000000;
  }
}

@media print {
  .c13 {
    color: #000000;
  }
}

@media print {
  .c21 {
    color: #000000;
  }
}

@media print {
  .c8 {
    display: none;
  }
}

@media print {
  .c18 {
    display: none;
  }
}

@media print {
  .c19 {
    display: none;
  }
}

<div
  className="c0"
>
  <div
    className=""
  />
  <div
    className=""
  />
  <div
    className="c1"
  >
    <label
      className="c2 c3"
    >
      Observation Date
    </label>
    <div
      className="c4"
    >
      <div
        className="react-datepicker-wrapper"
      >
        <div
          className="react-datepicker__input-container"
        >
          <input
            className="c5"
            disabled={false}
            onBlur={[Function]}
            onChange={[Function]}
            onClick={[Function]}
            onFocus={[Function]}
            onKeyDown={[Function]}
            readOnly={false}
            type="text"
            value=""
          />
        </div>
      </div>
    </div>
  </div>
  <div
    className="c1"
  >
    <label
      className="c2 c3"
    >
      Title
    </label>
    <input
      className="c6"
      errors={Immutable.List []}
      intl={
        Object {
          "defaultFormats": Object {},
          "defaultLocale": "en",
          "formatDate": [Function],
          "formatHTMLMessage": [Function],
          "formatMessage": [Function],
          "formatNumber": [Function],
          "formatPlural": [Function],
          "formatRelative": [Function],
          "formatTime": [Function],
          "formats": Object {},
          "formatters": Object {
            "getDateTimeFormat": [Function],
            "getMessageFormat": [Function],
            "getNumberFormat": [Function],
            "getPluralFormat": [Function],
            "getRelativeFormat": [Function],
          },
          "locale": "en",
          "messages": Object {},
          "now": [Function],
          "onError": [Function],
          "textComponent": "span",
          "timeZone": null,
        }
      }
      name="title"
      namespace="component_widgetInput"
      onChange={[Function]}
      onSubmit={[Function]}
      value=""
      variant="standard"
    />
  </div>
  <div>
    <div
      className="c7"
    >
      <button
        className="c8"
        onClick={[Function]}
      >
        <i
          className="uiButton-Icon icon icon-name uiButton-Icon c9"
          hidden={true}
          name="name"
        />
        <div
          className="c10"
          hidden={true}
          size="32px"
          value={null}
        >
          <svg
            className="c11"
            focusable="false"
            preserveAspectRatio="xMidYMid meet"
            viewBox="0 0 100 100"
          >
            <circle
              className="c12"
              cx="50%"
              cy="50%"
              r="40"
              value={null}
            />
          </svg>
        </div>
        <span
          className="uiButton-Content c13"
        >
          Test
        </span>
      </button>
    </div>
  </div>
  <div
    className="c1"
  >
    <label
      className="c2 c3"
    >
      Short Title
    </label>
    <input
      className="c6"
      errors={Immutable.List []}
      intl={
        Object {
          "defaultFormats": Object {},
          "defaultLocale": "en",
          "formatDate": [Function],
          "formatHTMLMessage": [Function],
          "formatMessage": [Function],
          "formatNumber": [Function],
          "formatPlural": [Function],
          "formatRelative": [Function],
          "formatTime": [Function],
          "formats": Object {},
          "formatters": Object {
            "getDateTimeFormat": [Function],
            "getMessageFormat": [Function],
            "getNumberFormat": [Function],
            "getPluralFormat": [Function],
            "getRelativeFormat": [Function],
          },
          "locale": "en",
          "messages": Object {},
          "now": [Function],
          "onError": [Function],
          "textComponent": "span",
          "timeZone": null,
        }
      }
      name="title_short"
      namespace="component_widgetInput"
      onChange={[Function]}
      onSubmit={[Function]}
      value=""
      variant="standard"
    />
  </div>
  <div
    className="c1"
  >
    <label
      className="c2 c3"
    >
      Description
    </label>
    <textarea
      className="c14"
      errors={Immutable.List []}
      name="description"
      namespace="component_widgetTextarea"
      onChange={[Function]}
      onSubmit={[Function]}
      value=""
      variant="standard"
    />
  </div>
  <div
    className="c1"
  >
    <label
      className="c2 c3"
    >
      Due Date
    </label>
    <div
      className="c4"
    >
      <div
        className="react-datepicker-wrapper"
      >
        <div
          className="react-datepicker__input-container"
        >
          <input
            className="c5"
            disabled={false}
            onBlur={[Function]}
            onChange={[Function]}
            onClick={[Function]}
            onFocus={[Function]}
            onKeyDown={[Function]}
            readOnly={false}
            type="text"
            value=""
          />
        </div>
      </div>
    </div>
  </div>
  <div
    className="c1"
  >
    <label
      className="c2 c3"
    >
      Follow up actions
    </label>
  </div>
  <button
    className="c8"
    content={
      Object {
        "defaultMessage": "Add action",
        "id": "packages.dev-client.src.apps.observation.screens.Observation.follow_up_actions_add",
      }
    }
    disabled={false}
    onClick={[Function]}
  >
    <i
      className="uiButton-Icon icon icon-name uiButton-Icon c9"
      hidden={true}
      name="name"
    />
    <div
      className="c10"
      hidden={true}
      size="32px"
      value={null}
    >
      <svg
        className="c11"
        focusable="false"
        preserveAspectRatio="xMidYMid meet"
        viewBox="0 0 100 100"
      >
        <circle
          className="c12"
          cx="50%"
          cy="50%"
          r="40"
          value={null}
        />
      </svg>
    </div>
    <span
      className="uiButton-Content c13"
      hidden={false}
    >
      Add action
    </span>
  </button>
  <div
    className=""
  >
    <div
      className="c15 c16"
    >
      <button
        className="c8"
        content={
          Object {
            "defaultMessage": "RESET",
            "id": "packages.dev-client.src.apps.activity.forms.Controls.reset",
          }
        }
        disabled={false}
        onClick={[Function]}
      >
        <i
          className="uiButton-Icon icon icon-name uiButton-Icon c9"
          hidden={true}
          name="name"
        />
        <div
          className="c10"
          hidden={true}
          size="32px"
          value={null}
        >
          <svg
            className="c11"
            focusable="false"
            preserveAspectRatio="xMidYMid meet"
            viewBox="0 0 100 100"
          >
            <circle
              className="c12"
              cx="50%"
              cy="50%"
              r="40"
              value={null}
            />
          </svg>
        </div>
        <span
          className="uiButton-Content c13"
          hidden={false}
        >
          RESET
        </span>
      </button>
      <div
        className="c17"
      />
      <button
        className="c18"
        content={
          Object {
            "defaultMessage": "SAVE",
            "id": "packages.dev-client.src.apps.activity.forms.Controls.save",
          }
        }
        disabled={false}
        onClick={[Function]}
      >
        <i
          className="uiButton-Icon icon icon-name uiButton-Icon c9"
          hidden={true}
          name="name"
        />
        <div
          className="c10"
          hidden={true}
          size="32px"
          value={null}
        >
          <svg
            className="c11"
            focusable="false"
            preserveAspectRatio="xMidYMid meet"
            viewBox="0 0 100 100"
          >
            <circle
              className="c12"
              cx="50%"
              cy="50%"
              r="40"
              value={null}
            />
          </svg>
        </div>
        <span
          className="uiButton-Content c13"
          hidden={false}
        >
          SAVE
        </span>
      </button>
      <button
        className="c19"
        content={
          Object {
            "defaultMessage": "SUBMIT",
            "id": "packages.dev-client.src.apps.activity.forms.Controls.submit",
          }
        }
        disabled={false}
        onClick={[Function]}
      >
        <i
          className="uiButton-Icon icon icon-name uiButton-Icon c20"
          hidden={true}
          name="name"
        />
        <div
          className="c10"
          hidden={true}
          size="32px"
          value={null}
        >
          <svg
            className="c11"
            focusable="false"
            preserveAspectRatio="xMidYMid meet"
            viewBox="0 0 100 100"
          >
            <circle
              className="c12"
              cx="50%"
              cy="50%"
              r="40"
              value={null}
            />
          </svg>
        </div>
        <span
          className="uiButton-Content c21"
          hidden={false}
        >
          SUBMIT
        </span>
      </button>
    </div>
  </div>
</div>
`;
