// Jest Snapshot v1, https://goo.gl/fbAQLP

exports[`renders correctly 1`] = `
.c2.c2 {
  font-size: 1rem;
}

.c5 {
  -webkit-animation-name: bvvTNa;
  animation-name: bvvTNa;
  fill: transparent;
  stroke: #000000;
  stroke-dasharray: 251.32741228718345px;
  stroke-width: 20%;
  -webkit-transition: stroke-dashoffset 225ms linear;
  transition: stroke-dashoffset 225ms linear;
  -webkit-transform-box: view-box;
  -ms-transform-box: view-box;
  transform-box: view-box;
  -webkit-transform-origin: center;
  -ms-transform-origin: center;
  transform-origin: center;
  -webkit-animation-duration: 4s;
  animation-duration: 4s;
  -webkit-animation-iteration-count: infinite;
  animation-iteration-count: infinite;
  -webkit-animation-timing-function: cubic-bezier(0.35,0,0.25,1);
  animation-timing-function: cubic-bezier(0.35,0,0.25,1);
  -webkit-transition-property: stroke;
  transition-property: stroke;
}

.c3 {
  height: 32px;
  position: relative;
  width: 32px;
  -webkit-animation: eXzyYY 2s linear infinite;
  animation: eXzyYY 2s linear infinite;
}

.c4 {
  height: 100%;
  left: 0;
  top: 0;
  overflow: visible;
  position: absolute;
  -webkit-transform: rotate(-90deg);
  -ms-transform: rotate(-90deg);
  transform: rotate(-90deg);
  -webkit-transform-origin: center;
  -ms-transform-origin: center;
  transform-origin: center;
  width: 100%;
}

.c6 {
  font-size: 0.875rem;
  font-weight: 500;
  -webkit-letter-spacing: 1.25px;
  -moz-letter-spacing: 1.25px;
  -ms-letter-spacing: 1.25px;
  letter-spacing: 1.25px;
  text-transform: uppercase;
  margin: 0;
  padding: 0;
}

.c1 {
  -webkit-align-self: center;
  -ms-flex-item-align: center;
  align-self: center;
  background-color: transparent;
  border: 0;
  border-radius: 0.25em;
  cursor: pointer;
  display: -webkit-box;
  display: -webkit-flex;
  display: -ms-flexbox;
  display: flex;
  -webkit-box-pack: center;
  -webkit-justify-content: center;
  -ms-flex-pack: center;
  justify-content: center;
  outline: none;
  padding: 0.5em 1.5em;
  position: relative;
  -webkit-text-decoration: none;
  text-decoration: none;
}

.c1:hover {
  background-color: #f7f7f7;
}

.c1:focus {
  background-color: #ebebeb;
}

.c1:disabled {
  background-color: #dedede;
  cursor: auto;
}

.c1:disabled * {
  color: #a6a6a6;
}

.c0 {
  display: -webkit-box;
  display: -webkit-flex;
  display: -ms-flexbox;
  display: flex;
  -webkit-align-items: center;
  -webkit-box-align: center;
  -ms-flex-align: center;
  align-items: center;
  -webkit-box-pack: start;
  -webkit-justify-content: flex-start;
  -ms-flex-pack: start;
  justify-content: flex-start;
  border-radius: 2px;
  box-shadow: 0 1px 3px rgba(0,0,0,0.12),0 1px 2px rgba(0,0,0,0.24);
  position: relative;
  -webkit-transition: all 0.3s cubic-bezier(0.25,0.8,0.25,1);
  transition: all 0.3s cubic-bezier(0.25,0.8,0.25,1);
  background: #ffffff;
  padding: 0.35rem 1rem;
}

@media print {
  .c6 {
    color: #000000;
  }
}

@media print {
  .c1 {
    display: none;
  }
}

<div
  className="c0"
>
  <a
    className="c1"
    content={
      Object {
        "defaultMessage": "GitHub",
        "id": "packages.dev-client.src.components.Header.github",
      }
    }
    href="https://github.com/gnowth/react"
    to="https://github.com/gnowth/react"
  >
    <i
      className="uiButton-Icon icon icon-name uiButton-Icon c2"
      hidden={true}
      name="name"
    />
    <span
      className="c3"
      hidden={true}
      size="32px"
      value={null}
    >
      <svg
        className="c4"
        focusable="false"
        preserveAspectRatio="xMidYMid meet"
        viewBox="0 0 100 100"
      >
        <circle
          className="c5"
          cx="50%"
          cy="50%"
          r="40"
          value={null}
        />
      </svg>
    </span>
    <span
      className="uiButton-Content c6"
      value={
        Object {
          "defaultMessage": "GitHub",
          "id": "packages.dev-client.src.components.Header.github",
        }
      }
    >
      GitHub
    </span>
  </a>
  <a
    className="c1"
    content={
      Object {
        "defaultMessage": "StyleGuide",
        "id": "packages.dev-client.src.components.Header.style_guide",
      }
    }
    href="https://gnowth.github.io/react/style-guide"
    to="https://gnowth.github.io/react/style-guide"
  >
    <i
      className="uiButton-Icon icon icon-name uiButton-Icon c2"
      hidden={true}
      name="name"
    />
    <span
      className="c3"
      hidden={true}
      size="32px"
      value={null}
    >
      <svg
        className="c4"
        focusable="false"
        preserveAspectRatio="xMidYMid meet"
        viewBox="0 0 100 100"
      >
        <circle
          className="c5"
          cx="50%"
          cy="50%"
          r="40"
          value={null}
        />
      </svg>
    </span>
    <span
      className="uiButton-Content c6"
      value={
        Object {
          "defaultMessage": "StyleGuide",
          "id": "packages.dev-client.src.components.Header.style_guide",
        }
      }
    >
      StyleGuide
    </span>
  </a>
  <a
    className="c1"
    content={
      Object {
        "defaultMessage": "CHANGELOG",
        "id": "packages.dev-client.src.components.Header.changelog",
      }
    }
    css={
      Array [
        " ",
      ]
    }
    href="#/pages/changelog"
    namespace="component_uiButton"
    onClick={[Function]}
    variant="text"
  >
    <i
      className="uiButton-Icon icon icon-name uiButton-Icon c2"
      hidden={true}
      name="name"
    />
    <span
      className="c3"
      hidden={true}
      size="32px"
      value={null}
    >
      <svg
        className="c4"
        focusable="false"
        preserveAspectRatio="xMidYMid meet"
        viewBox="0 0 100 100"
      >
        <circle
          className="c5"
          cx="50%"
          cy="50%"
          r="40"
          value={null}
        />
      </svg>
    </span>
    <span
      className="uiButton-Content c6"
      value={
        Object {
          "defaultMessage": "CHANGELOG",
          "id": "packages.dev-client.src.components.Header.changelog",
        }
      }
    >
      CHANGELOG
    </span>
  </a>
  <a
    className="c1"
    content={
      Object {
        "defaultMessage": "README",
        "id": "packages.dev-client.src.components.Header.readme",
      }
    }
    css={
      Array [
        " ",
      ]
    }
    href="#/pages/readme"
    namespace="component_uiButton"
    onClick={[Function]}
    variant="text"
  >
    <i
      className="uiButton-Icon icon icon-name uiButton-Icon c2"
      hidden={true}
      name="name"
    />
    <span
      className="c3"
      hidden={true}
      size="32px"
      value={null}
    >
      <svg
        className="c4"
        focusable="false"
        preserveAspectRatio="xMidYMid meet"
        viewBox="0 0 100 100"
      >
        <circle
          className="c5"
          cx="50%"
          cy="50%"
          r="40"
          value={null}
        />
      </svg>
    </span>
    <span
      className="uiButton-Content c6"
      value={
        Object {
          "defaultMessage": "README",
          "id": "packages.dev-client.src.components.Header.readme",
        }
      }
    >
      README
    </span>
  </a>
</div>
`;
