// Jest Snapshot v1, https://goo.gl/fbAQLP

exports[`renders correctly 1`] = `
@media print {
  .c0 {
    color: black;
  }
}

<span
  className="c0"
>
  Test
</span>
`;
