// Jest Snapshot v1, https://goo.gl/fbAQLP

exports[`renders correctly 1`] = `
<div
  className="Labelstyles__UILabelRoot-sc-1i1vlit-0 sc-bwzfXH uTxCW"
/>
`;
