// Jest Snapshot v1, https://goo.gl/fbAQLP

exports[`renders correctly 1`] = `
<table>
  <thead>
    <tr>
      <th>
        Test
      </th>
    </tr>
  </thead>
  <tbody />
</table>
`;
