// Jest Snapshot v1, https://goo.gl/fbAQLP

exports[`renders correctly 1`] = `
.c0 {
  width: 100%;
}

<textarea
  className="c0"
  name="test"
  namespace="component_widgetTextarea"
  onChange={[Function]}
  value=""
  variant="standard"
/>
`;
