// Jest Snapshot v1, https://goo.gl/fbAQLP

exports[`renders correctly 1`] = `
.c9.c9 {
  font-size: 1rem;
}

.c12 {
  -webkit-animation-name: bvvTNa;
  animation-name: bvvTNa;
  fill: transparent;
  stroke: #000000;
  stroke-dasharray: 251.32741228718345px;
  stroke-width: 20%;
  -webkit-transition: stroke-dashoffset 225ms linear;
  transition: stroke-dashoffset 225ms linear;
  -webkit-transform-box: view-box;
  -ms-transform-box: view-box;
  transform-box: view-box;
  -webkit-transform-origin: center;
  -ms-transform-origin: center;
  transform-origin: center;
  -webkit-animation-duration: 4s;
  animation-duration: 4s;
  -webkit-animation-iteration-count: infinite;
  animation-iteration-count: infinite;
  -webkit-animation-timing-function: cubic-bezier(0.35,0,0.25,1);
  animation-timing-function: cubic-bezier(0.35,0,0.25,1);
  -webkit-transition-property: stroke;
  transition-property: stroke;
}

.c10 {
  height: 32px;
  position: relative;
  width: 32px;
  -webkit-animation: eXzyYY 2s linear infinite;
  animation: eXzyYY 2s linear infinite;
}

.c11 {
  height: 100%;
  left: 0;
  top: 0;
  overflow: visible;
  position: absolute;
  -webkit-transform: rotate(-90deg);
  -ms-transform: rotate(-90deg);
  transform: rotate(-90deg);
  -webkit-transform-origin: center;
  -ms-transform-origin: center;
  transform-origin: center;
  width: 100%;
}

.c1 {
  font-size: 2.125rem;
  font-weight: 400;
  -webkit-letter-spacing: 0.25px;
  -moz-letter-spacing: 0.25px;
  -ms-letter-spacing: 0.25px;
  letter-spacing: 0.25px;
  margin: 0;
  padding: 0;
}

.c3 {
  font-size: 0.875rem;
  font-weight: 400;
  -webkit-letter-spacing: 0.25px;
  -moz-letter-spacing: 0.25px;
  -ms-letter-spacing: 0.25px;
  letter-spacing: 0.25px;
  margin: 0;
  padding: 0;
}

.c13 {
  font-size: 0.875rem;
  font-weight: 500;
  -webkit-letter-spacing: 1.25px;
  -moz-letter-spacing: 1.25px;
  -ms-letter-spacing: 1.25px;
  letter-spacing: 1.25px;
  text-transform: uppercase;
  margin: 0;
  padding: 0;
}

.c8 {
  -webkit-align-self: center;
  -ms-flex-item-align: center;
  align-self: center;
  background-color: transparent;
  border: 0;
  border-radius: 0.25em;
  cursor: pointer;
  display: -webkit-box;
  display: -webkit-flex;
  display: -ms-flexbox;
  display: flex;
  -webkit-box-pack: center;
  -webkit-justify-content: center;
  -ms-flex-pack: center;
  justify-content: center;
  outline: none;
  padding: 0.5em 1.5em;
  position: relative;
  -webkit-text-decoration: none;
  text-decoration: none;
  margin-top: 0.5rem;
}

.c8:hover {
  background-color: #f7f7f7;
}

.c8:focus {
  background-color: #ebebeb;
}

.c8:disabled {
  background-color: #dedede;
  cursor: auto;
}

.c8:disabled * {
  color: #a6a6a6;
}

.c4 {
  font-size: 0.875rem;
  font-weight: 400;
  -webkit-letter-spacing: 0.25px;
  -moz-letter-spacing: 0.25px;
  -ms-letter-spacing: 0.25px;
  letter-spacing: 0.25px;
  margin: 0;
  padding: 0;
}

.c2 {
  margin-top: 1.5rem;
}

.c6 {
  display: block;
  width: 100%;
  background-color: hsl(0,0%,98%);
  border: 1px solid #03a9f4;
  border-radius: 4px;
  padding: 9px;
  width: 100%;
}

.c6:focus {
  background-color: white;
  border-color: #2684ff;
  outline: none;
  box-shadow: 0 0 0 1px #2684ff;
}

.c5 .react-datepicker-wrapper {
  display: block;
}

.c5 .react-datepicker__input-container {
  display: block;
}

.c7 {
  -webkit-align-items: center;
  -webkit-box-align: center;
  -ms-flex-align: center;
  align-items: center;
  display: -webkit-box;
  display: -webkit-flex;
  display: -ms-flexbox;
  display: flex;
  -webkit-flex-direction: column;
  -ms-flex-direction: column;
  flex-direction: column;
  margin-top: 1.5rem;
}

.c0 {
  -webkit-align-items: center;
  -webkit-box-align: center;
  -ms-flex-align: center;
  align-items: center;
  border-bottom: 1px solid #bdbdbd;
  display: -webkit-box;
  display: -webkit-flex;
  display: -ms-flexbox;
  display: flex;
  -webkit-box-pack: justify;
  -webkit-justify-content: space-between;
  -ms-flex-pack: justify;
  justify-content: space-between;
  padding: 0.5rem;
}

@media print {
  .c1 {
    color: #000000;
  }
}

@media print {
  .c3 {
    color: #000000;
  }
}

@media print {
  .c13 {
    color: #000000;
  }
}

@media print {
  .c8 {
    display: none;
  }
}

<div>
  <div
    className="c0"
  >
    <h4
      className="c1"
      value={
        Object {
          "defaultMessage": "Action",
          "id": "packages.dev-client.src.apps.activity.forms.Action.header_title",
        }
      }
    >
      Action
    </h4>
  </div>
  <div
    className="c2"
  >
    <label
      className="c3 c4"
      value={
        Object {
          "defaultMessage": "Person Responsible",
          "id": "packages.dev-client.src.apps.activity.forms.Action.person_responsible",
        }
      }
    >
      Person Responsible
    </label>
    <div
      className="css-10nd86i "
      onKeyDown={[Function]}
    >
      <div
        className="css-vj8t7z"
        onMouseDown={[Function]}
        onTouchEnd={[Function]}
      >
        <div
          className="css-1hwfws3"
        >
          <div
            className="css-1492t68"
          >
            Select...
          </div>
          <div
            className="css-1g6gooi"
          >
            <div
              className=""
              style={
                Object {
                  "display": "inline-block",
                }
              }
            >
              <input
                aria-autocomplete="list"
                autoCapitalize="none"
                autoComplete="off"
                autoCorrect="off"
                disabled={false}
                id="react-select-2-input"
                onBlur={[Function]}
                onChange={[Function]}
                onFocus={[Function]}
                spellCheck="false"
                style={
                  Object {
                    "background": 0,
                    "border": 0,
                    "boxSizing": "content-box",
                    "color": "inherit",
                    "fontSize": "inherit",
                    "opacity": 1,
                    "outline": 0,
                    "padding": 0,
                    "width": "1px",
                  }
                }
                tabIndex="0"
                type="text"
                value=""
              />
              <div
                style={
                  Object {
                    "height": 0,
                    "left": 0,
                    "overflow": "scroll",
                    "position": "absolute",
                    "top": 0,
                    "visibility": "hidden",
                    "whiteSpace": "pre",
                  }
                }
              >
                
              </div>
            </div>
          </div>
        </div>
        <div
          className="css-1wy0on6"
        >
          <span
            className="css-d8oujb"
          />
          <div
            aria-hidden="true"
            className="css-1ep9fjw"
            onMouseDown={[Function]}
            onTouchEnd={[Function]}
          >
            <svg
              aria-hidden="true"
              className="css-19bqh2r"
              focusable="false"
              height={20}
              viewBox="0 0 20 20"
              width={20}
            >
              <path
                d="M4.516 7.548c0.436-0.446 1.043-0.481 1.576 0l3.908 3.747 3.908-3.747c0.533-0.481 1.141-0.446 1.574 0 0.436 0.445 0.408 1.197 0 1.615-0.406 0.418-4.695 4.502-4.695 4.502-0.217 0.223-0.502 0.335-0.787 0.335s-0.57-0.112-0.789-0.335c0 0-4.287-4.084-4.695-4.502s-0.436-1.17 0-1.615z"
              />
            </svg>
          </div>
        </div>
      </div>
      <input
        name="person_responsible"
        type="hidden"
        value=""
      />
    </div>
  </div>
  <div
    className="c2"
  >
    <label
      className="c3 c4"
      value={
        Object {
          "defaultMessage": "Due Date",
          "id": "packages.dev-client.src.apps.activity.forms.Action.date_due",
        }
      }
    >
      Due Date
    </label>
    <div
      className="c5"
    >
      <div
        className="react-datepicker-wrapper"
      >
        <div
          className="react-datepicker__input-container"
        >
          <input
            className="c6"
            disabled={false}
            onBlur={[Function]}
            onChange={[Function]}
            onClick={[Function]}
            onFocus={[Function]}
            onKeyDown={[Function]}
            readOnly={false}
            type="text"
            value=""
          />
        </div>
      </div>
    </div>
  </div>
  <div
    className="c2"
  >
    <label
      className="c3 c4"
      value={
        Object {
          "defaultMessage": "Completed by",
          "id": "packages.dev-client.src.apps.activity.forms.Action.completed_by",
        }
      }
    >
      Completed by
    </label>
    <div
      className="css-10nd86i "
      onKeyDown={[Function]}
    >
      <div
        className="css-vj8t7z"
        onMouseDown={[Function]}
        onTouchEnd={[Function]}
      >
        <div
          className="css-1hwfws3"
        >
          <div
            className="css-1492t68"
          >
            Select...
          </div>
          <div
            className="css-1g6gooi"
          >
            <div
              className=""
              style={
                Object {
                  "display": "inline-block",
                }
              }
            >
              <input
                aria-autocomplete="list"
                autoCapitalize="none"
                autoComplete="off"
                autoCorrect="off"
                disabled={false}
                id="react-select-3-input"
                onBlur={[Function]}
                onChange={[Function]}
                onFocus={[Function]}
                spellCheck="false"
                style={
                  Object {
                    "background": 0,
                    "border": 0,
                    "boxSizing": "content-box",
                    "color": "inherit",
                    "fontSize": "inherit",
                    "opacity": 1,
                    "outline": 0,
                    "padding": 0,
                    "width": "1px",
                  }
                }
                tabIndex="0"
                type="text"
                value=""
              />
              <div
                style={
                  Object {
                    "height": 0,
                    "left": 0,
                    "overflow": "scroll",
                    "position": "absolute",
                    "top": 0,
                    "visibility": "hidden",
                    "whiteSpace": "pre",
                  }
                }
              >
                
              </div>
            </div>
          </div>
        </div>
        <div
          className="css-1wy0on6"
        >
          <span
            className="css-d8oujb"
          />
          <div
            aria-hidden="true"
            className="css-1ep9fjw"
            onMouseDown={[Function]}
            onTouchEnd={[Function]}
          >
            <svg
              aria-hidden="true"
              className="css-19bqh2r"
              focusable="false"
              height={20}
              viewBox="0 0 20 20"
              width={20}
            >
              <path
                d="M4.516 7.548c0.436-0.446 1.043-0.481 1.576 0l3.908 3.747 3.908-3.747c0.533-0.481 1.141-0.446 1.574 0 0.436 0.445 0.408 1.197 0 1.615-0.406 0.418-4.695 4.502-4.695 4.502-0.217 0.223-0.502 0.335-0.787 0.335s-0.57-0.112-0.789-0.335c0 0-4.287-4.084-4.695-4.502s-0.436-1.17 0-1.615z"
              />
            </svg>
          </div>
        </div>
      </div>
      <input
        name="completed_by"
        type="hidden"
        value=""
      />
    </div>
  </div>
  <div
    className="c2"
  >
    <label
      className="c3 c4"
      value={
        Object {
          "defaultMessage": "Completed Date",
          "id": "packages.dev-client.src.apps.activity.forms.Action.date_completed",
        }
      }
    >
      Completed Date
    </label>
    <div
      className="c5"
    >
      <div
        className="react-datepicker-wrapper"
      >
        <div
          className="react-datepicker__input-container"
        >
          <input
            className="c6"
            disabled={false}
            onBlur={[Function]}
            onChange={[Function]}
            onClick={[Function]}
            onFocus={[Function]}
            onKeyDown={[Function]}
            readOnly={false}
            type="text"
            value=""
          />
        </div>
      </div>
    </div>
  </div>
  <div
    className="c7"
  >
    <button
      className="c8"
      content={
        Object {
          "defaultMessage": "UPDATE",
          "id": "packages.dev-client.src.apps.activity.forms.Action.update",
        }
      }
      disabled={false}
      onClick={[Function]}
    >
      <i
        className="uiButton-Icon icon icon-name uiButton-Icon c9"
        hidden={true}
        name="name"
      />
      <span
        className="c10"
        hidden={true}
        size="32px"
        value={null}
      >
        <svg
          className="c11"
          focusable="false"
          preserveAspectRatio="xMidYMid meet"
          viewBox="0 0 100 100"
        >
          <circle
            className="c12"
            cx="50%"
            cy="50%"
            r="40"
            value={null}
          />
        </svg>
      </span>
      <span
        className="uiButton-Content c13"
        hidden={false}
        value={
          Object {
            "defaultMessage": "UPDATE",
            "id": "packages.dev-client.src.apps.activity.forms.Action.update",
          }
        }
      >
        UPDATE
      </span>
    </button>
    <button
      className="c8"
      content={
        Object {
          "defaultMessage": "COMPLETE",
          "id": "packages.dev-client.src.apps.activity.forms.Action.complete",
        }
      }
      disabled={false}
      onClick={[Function]}
    >
      <i
        className="uiButton-Icon icon icon-name uiButton-Icon c9"
        hidden={true}
        name="name"
      />
      <span
        className="c10"
        hidden={true}
        size="32px"
        value={null}
      >
        <svg
          className="c11"
          focusable="false"
          preserveAspectRatio="xMidYMid meet"
          viewBox="0 0 100 100"
        >
          <circle
            className="c12"
            cx="50%"
            cy="50%"
            r="40"
            value={null}
          />
        </svg>
      </span>
      <span
        className="uiButton-Content c13"
        hidden={false}
        value={
          Object {
            "defaultMessage": "COMPLETE",
            "id": "packages.dev-client.src.apps.activity.forms.Action.complete",
          }
        }
      >
        COMPLETE
      </span>
    </button>
  </div>
</div>
`;
