// Jest Snapshot v1, https://goo.gl/fbAQLP

exports[`renders correctly 1`] = `
.c0 {
  background-color: black;
  color: black;
}

<div
  className="c0"
/>
`;
