// Jest Snapshot v1, https://goo.gl/fbAQLP

exports[`renders correctly 1`] = `
<pre
  className="TypeSet-sc-2d00f5-0 gXqwhy"
  value="test"
>
  test
</pre>
`;
