// Jest Snapshot v1, https://goo.gl/fbAQLP

exports[`renders correctly 1`] = `
.c0 {
  color: black;
}

@media print {
  .c0 {
    color: black;
  }
}

<span
  className="c0"
>
  Error
</span>
`;
